<listTable>
    
    <groupList groupName="(menu)" byteCodeFile="data/scripts/menu.bin">
      <file path="data/scripts/library/shared_utilities.as"/>
      <file path="data/scripts/library/shared_sprite_utilities.as"/>
      <file path="data/scripts/library/defs.as"/>
      <file path="data/scripts/library/uidefs.as"/>
      <file path="data/scripts/library/menu.as"/>
      <file path="data/scripts/library/confirmbtn.as"/>
      <file path="data/scripts/library/resolutionbtn.as"/>
      <file path="data/scripts/library/fullscreencheckbox.as"/>
      <file path="data/scripts/library/deadzoneslider.as"/>
      <file path="data/scripts/library/applybtn.as"/>
      <file path="data/scripts/library/keybindbtn.as"/>
    </groupList>
    
    <groupList groupName="(main)" byteCodeFile="data/scripts/main.bin">
        <file path="data/scripts/library/defs.as"/>
        <file path="data/scripts/library/uidefs.as"/>
        <file path="data/scripts/library/shared_utilities.as"/>
        <file path="data/scripts/library/shared_sprite_utilities.as"/>
        <file path="data/scripts/library/shared_visual_utilities.as"/>
        <file path="data/scripts/source/game/main.as"/>
        <file path="data/scripts/source/game/game.as"/>
        <file path="data/scripts/source/game/gamedefs.as"/>
        <file path="data/scripts/source/state/statedefs.as"/>
        <file path="data/scripts/source/state/igamestate.as"/>
        <file path="data/scripts/source/state/statemessage.as"/>
        <file path="data/scripts/source/state/commonstate.as"/>
        <file path="data/scripts/source/state/startupstate.as"/>
        <file path="data/scripts/source/state/titlescreenstate.as"/>
        <file path="data/scripts/source/state/loadstate.as"/>
        <file path="data/scripts/source/state/level1state.as"/>
    </groupList>

</listTable>
